[2026/04/17-20:24:07] Stopping ionadmin.
[2026/04/17-20:24:07] [i] rfxclock is running.
[2026/04/17-20:24:08] [i] parseSocketSpec: Parsed: ion-dtn:2357
[2026/04/17-20:24:08] [i] Starting configuration server.
[2026/04/17-20:24:08] [i] parseSocketSpec: Parsed: 2886860802:2357
[2026/04/17-20:24:08] [i] Starting registration server.
[2026/04/17-20:24:08] [?] parseSocketSpec: Empty or NULL socketSpec: 
[2026/04/17-20:24:08] [i] Configuration server is running.
[2026/04/17-20:24:08] [i] Starting daemon's AAMS module.
[2026/04/17-20:24:08] [i] Registrar is running.
[2026/04/17-20:24:08] [?] parseSocketSpec: Empty or NULL socketSpec: 
[2026/04/17-20:24:08] [?] parseSocketSpec: Empty or NULL socketSpec: 
[2026/04/17-20:24:08] [?] parseSocketSpec: Empty or NULL socketSpec: 
[2026/04/17-20:24:08] [?] parseSocketSpec: Empty or NULL socketSpec: 
[2026/04/17-20:24:08] [?] Registration refused: no cell census
[2026/04/17-20:24:09] [?] Registration refused: no cell census
[2026/04/17-20:24:10] [?] Registration refused: no cell census
[2026/04/17-20:24:11] [i] parseSocketSpec: Parsed: ion-dtn:2357
[2026/04/17-20:24:11] [i] parseSocketSpec: Parsed: ion-dtn:2357
[2026/04/17-20:24:11] [?] parseSocketSpec: Empty or NULL socketSpec: 
[2026/04/17-20:24:11] [?] parseSocketSpec: Empty or NULL socketSpec: 
[2026/04/17-20:24:11] [?] parseSocketSpec: Empty or NULL socketSpec: 
[2026/04/17-20:24:11] [?] parseSocketSpec: Empty or NULL socketSpec: 
[2026/04/17-20:24:11] [?] parseSocketSpec: Empty or NULL socketSpec: 
[2026/04/17-20:24:11] [?] parseSocketSpec: Empty or NULL socketSpec: 
[2026/04/17-20:24:11] [?] parseSocketSpec: Empty or NULL socketSpec: 
[2026/04/17-20:24:11] [?] parseSocketSpec: Empty or NULL socketSpec: 
[2026/04/17-20:24:11] [?] Registration refused: no cell census
[2026/04/17-20:24:11] [?] Registration refused: no cell census
[2026/04/17-20:24:11] [?] Registration refused: no cell census
[2026/04/17-20:24:12] [?] Registration refused: no cell census
[2026/04/17-20:24:12] [?] Registration refused: no cell census
[2026/04/17-20:24:12] [?] Registration refused: no cell census
[2026/04/17-20:24:13] [?] Registration refused: no cell census
[2026/04/17-20:24:13] [?] Registration refused: no cell census
[2026/04/17-20:24:13] [?] Registration refused: no cell census
[2026/04/17-20:24:14] [?] Registration refused: no cell census
[2026/04/17-20:24:14] [?] Registration refused: no cell census
[2026/04/17-20:24:15] [?] Registration refused: no cell census
[2026/04/17-20:24:15] [?] Registration refused: no cell census
[2026/04/17-20:24:15] [?] Registration refused: no cell census
[2026/04/17-20:24:16] [?] Registration refused: no cell census
[2026/04/17-20:24:17] [i] Daemon AAMS module is running.
